------------------------------------------------------------
Timing Analyzer Summary
------------------------------------------------------------

Type  : Slow 1200mV 85C Model Setup 'clk'
Slack : -2.857
TNS   : -83.399

Type  : Slow 1200mV 85C Model Hold 'clk'
Slack : 0.348
TNS   : 0.000

Type  : Slow 1200mV 85C Model Recovery 'clk'
Slack : -1.170
TNS   : -8.074

Type  : Slow 1200mV 85C Model Removal 'clk'
Slack : 0.997
TNS   : 0.000

Type  : Slow 1200mV 85C Model Minimum Pulse Width 'clk'
Slack : -3.000
TNS   : -75.956

Type  : Slow 1200mV 0C Model Setup 'clk'
Slack : -2.538
TNS   : -73.419

Type  : Slow 1200mV 0C Model Hold 'clk'
Slack : 0.312
TNS   : 0.000

Type  : Slow 1200mV 0C Model Recovery 'clk'
Slack : -0.994
TNS   : -6.732

Type  : Slow 1200mV 0C Model Removal 'clk'
Slack : 0.932
TNS   : 0.000

Type  : Slow 1200mV 0C Model Minimum Pulse Width 'clk'
Slack : -3.000
TNS   : -75.956

Type  : Fast 1200mV 0C Model Setup 'clk'
Slack : -0.606
TNS   : -10.200

Type  : Fast 1200mV 0C Model Hold 'clk'
Slack : 0.152
TNS   : 0.000

Type  : Fast 1200mV 0C Model Recovery 'clk'
Slack : 0.053
TNS   : 0.000

Type  : Fast 1200mV 0C Model Removal 'clk'
Slack : 0.421
TNS   : 0.000

Type  : Fast 1200mV 0C Model Minimum Pulse Width 'clk'
Slack : -3.000
TNS   : -56.931

------------------------------------------------------------
